../Core/Src/main.c:69:5:_write	24	static
../Core/Src/main.c:74:5:_read	24	static
../Core/Src/main.c:79:5:__io_putchar	16	static
../Core/Src/main.c:84:5:__io_getchar	16	static
../Core/Src/main.c:101:5:main	264	static
../Core/Src/main.c:164:6:SystemClock_Config	88	static
../Core/Src/main.c:209:13:MX_NVIC_Init	8	static
../Core/Src/main.c:221:13:MX_ETH_Init	8	static
../Core/Src/main.c:270:13:MX_USART3_UART_Init	8	static
../Core/Src/main.c:303:13:MX_USB_OTG_FS_PCD_Init	8	static
../Core/Src/main.c:338:13:MX_GPIO_Init	56	static
../Core/Src/main.c:396:6:Error_Handler	4	static,ignoring_inline_asm
