../Core/Src/main.c:103:5:main	72	static
../Core/Src/main.c:201:6:SystemClock_Config	88	static
../Core/Src/main.c:246:13:MX_NVIC_Init	8	static
../Core/Src/main.c:258:13:MX_ADC1_Init	24	static
../Core/Src/main.c:310:13:MX_ETH_Init	8	static
../Core/Src/main.c:359:13:MX_I2C1_Init	8	static
../Core/Src/main.c:407:13:MX_TIM2_Init	64	static
../Core/Src/main.c:466:13:MX_TIM3_Init	64	static
../Core/Src/main.c:525:13:MX_USART3_UART_Init	8	static
../Core/Src/main.c:558:13:MX_USB_OTG_FS_PCD_Init	8	static
../Core/Src/main.c:593:13:MX_GPIO_Init	56	static
../Core/Src/main.c:651:6:HAL_GPIO_EXTI_Callback	16	static
../Core/Src/main.c:666:6:Error_Handler	4	static,ignoring_inline_asm
