../Core/Src/main.c:59:1:__io_putchar	16	static
../Core/Src/main.c:86:6:delay	16	static
../Core/Src/main.c:92:6:HAL_TIM_IC_CaptureCallback	16	static
../Core/Src/main.c:128:6:HCSR04_Read	8	static
../Core/Src/main.c:139:5:_write	24	static
../Core/Src/main.c:151:5:main	8	static
../Core/Src/main.c:228:6:SystemClock_Config	88	static
../Core/Src/main.c:271:13:MX_TIM2_Init	48	static
../Core/Src/main.c:318:13:MX_TIM3_Init	48	static
../Core/Src/main.c:371:13:MX_USART3_UART_Init	8	static
../Core/Src/main.c:402:13:MX_GPIO_Init	48	static
../Core/Src/main.c:435:6:Error_Handler	4	static,ignoring_inline_asm
